=== attempt 1 | 2026-08-13T01:01:10Z | task overlap-lint-04-review-ps1 | HEAD 6c05f2c11f378b18ccd80d6bdf4c4bb871092fb1
$ powershell -NoProfile -ExecutionPolicy Bypass -Command Invoke-Pester tests/LintOverlap.Tests.ps1 -Output Detailed
Pester v6.0.1

Running tests from 1 files.

Running tests from 'C:\Users\amierashraf.hadi\Downloads\GIT\MUSTER\tests\LintOverlap.Tests.ps1'
Describing bin/lint - commit_paths overlap (D32)
  [+] FAILs two impl tasks sharing a commit_path with no ordering 5.64s
  [+] passes when the two are directly ordered 3.75s
  [+] passes when ordered transitively through a review task (D19 shape) 3.75s
  [+] FAILs on prefix overlap (dir vs file under it) 2.13s
  [+] passes disjoint commit_paths with no ordering 3.69s
  [+] FAILs two fix-type tasks sharing a commit_path with no ordering 3.93s
  [+] emits a finding per unordered overlapping pair (three-way, deterministic) 3.56s
  [+] FAILs on prefix overlap in the reverse direction (file under dir) 3.9s
  [+] does not fire on a clean full batch (regression) 3.66s
Tests completed in 34.8s
Tests Passed: 9, Failed: 0, Skipped: 0, Inconclusive: 0, NotRun: 0
exit 0 | expect_exit 0 -> OK | expect_contains "Failed: 0," -> OK
=== attempt 1 result: PASS
=== done-check | 2026-08-13T01:03:23Z | task overlap-lint-04-review-ps1 | HEAD 747ae0ccc199521435d01a6aa14a198378a4a90a
$ powershell -NoProfile -ExecutionPolicy Bypass -Command Invoke-Pester tests/LintOverlap.Tests.ps1 -Output Detailed
Pester v6.0.1

Running tests from 1 files.

Running tests from 'C:\Users\amierashraf.hadi\Downloads\GIT\MUSTER\tests\LintOverlap.Tests.ps1'
Describing bin/lint - commit_paths overlap (D32)
  [+] FAILs two impl tasks sharing a commit_path with no ordering 5.63s
  [+] passes when the two are directly ordered 2.52s
  [+] passes when ordered transitively through a review task (D19 shape) 2.9s
  [+] FAILs on prefix overlap (dir vs file under it) 3.7s
  [+] passes disjoint commit_paths with no ordering 2.42s
  [+] FAILs two fix-type tasks sharing a commit_path with no ordering 3.73s
  [+] emits a finding per unordered overlapping pair (three-way, deterministic) 3.7s
  [+] FAILs on prefix overlap in the reverse direction (file under dir) 2.51s
  [+] does not fire on a clean full batch (regression) 2.61s
Tests completed in 30.51s
Tests Passed: 9, Failed: 0, Skipped: 0, Inconclusive: 0, NotRun: 0
exit 0 | expect_exit 0 -> OK | expect_contains "Failed: 0," -> OK
=== done-check result: PASS
